// Jest Snapshot v1, https://goo.gl/fbAQLP

exports[`utils#resolveLogicSigFromAddress() should resolve the smart-signature account for an address 1`] = `"GABH2AKAW3T3OI2VUPMFZTOTZEZL4YICOXA7F2ZTGVPAPQT7AKAFKTGMYA"`;
